> Task :app:preBuild UP-TO-DATE
> Task :app:preDebugBuild UP-TO-DATE
> Task :app:dataBindingMergeDependencyArtifactsDebug UP-TO-DATE
> Task :app:generateDebugResValues UP-TO-DATE
> Task :app:generateDebugResources UP-TO-DATE
> Task :app:mergeDebugResources UP-TO-DATE
> Task :app:packageDebugResources UP-TO-DATE
> Task :app:processDebugNavigationResources UP-TO-DATE
> Task :app:parseDebugLocalResources UP-TO-DATE
> Task :app:dataBindingGenBaseClassesDebug UP-TO-DATE
> Task :app:javaPreCompileDebug UP-TO-DATE
> Task :app:checkDebugAarMetadata UP-TO-DATE
> Task :app:compileDebugNavigationResources UP-TO-DATE
> Task :app:mapDebugSourceSetPaths UP-TO-DATE
> Task :app:createDebugCompatibleScreenManifests UP-TO-DATE
> Task :app:extractDeepLinksDebug UP-TO-DATE
> Task :app:processDebugMainManifest UP-TO-DATE
> Task :app:processDebugManifest UP-TO-DATE
> Task :app:processDebugManifestForPackage UP-TO-DATE
> Task :app:processDebugResources FAILED
.\gradlew.bat : 
At line:1 char:1
+ .\gradlew.bat compi
leDebugJavaWithJavac 
> build_error.log 
2>&1
+ ~~~~~~~~~~~~~~~~~~~
~~~~~~~~~~~~~~~~~~~~~
~~~~~~~~~~~~~~~~~~~~~
~
    + CategoryInfo   
           : NotSpe  
  cified: (:String   
 ) [], RemoteExce    
ption
    + FullyQualified 
   ErrorId : Native  
  CommandError
 
FAILURE: Build 
failed with an 
exception.

* What went wrong:
Execution failed for 
task ':app:processDeb
ugResources'.
> A failure occurred 
while executing com.a
ndroid.build.gradle.i
nternal.res.LinkAppli
cationAndroidResource
sTask$TaskAction
   > Android 
resource linking 
failed
     com.example.myso
ftpos.app-mergeDebugR
esources-36:/layout/a
ctivity_config_dashbo
ard.xml:31: error: 
attribute layout_cent
erYToBottomOf (aka co
m.example.mysoftpos:l
ayout_centerYToBottom
Of) not found.
     com.example.myso
ftpos.app-mergeDebugR
esources-36:/layout/a
ctivity_test_case_edi
tor.xml:30: error: 
attribute layout_cent
erYToBottomOf (aka co
m.example.mysoftpos:l
ayout_centerYToBottom
Of) not found.
     com.example.myso
ftpos.app-mergeDebugR
esources-36:/layout/a
ctivity_test_case_edi
tor.xml:39: error: 
resource 
drawable/ic_check 
(aka com.example.myso
ftpos:drawable/ic_che
ck) not found.
     com.example.myso
ftpos.app-mergeDebugR
esources-36:/layout/a
ctivity_test_case_edi
tor.xml:39: error: 
attribute layout_cent
erYToBottomOf (aka co
m.example.mysoftpos:l
ayout_centerYToBottom
Of) not found.
     com.example.myso
ftpos.app-mergeDebugR
esources-36:/layout/a
ctivity_test_suite_de
tail.xml:30: error: 
attribute layout_cent
erYToBottomOf (aka co
m.example.mysoftpos:l
ayout_centerYToBottom
Of) not found.
     com.example.myso
ftpos.app-mergeDebugR
esources-36:/layout/a
ctivity_test_suite_de
tail.xml:41: error: 
resource 
drawable/ic_add (aka 
com.example.mysoftpos
:drawable/ic_add) 
not found.
     com.example.myso
ftpos.app-mergeDebugR
esources-36:/layout/a
ctivity_test_suite_li
st.xml:30: error: 
attribute layout_cent
erYToBottomOf (aka co
m.example.mysoftpos:l
ayout_centerYToBottom
Of) not found.
     com.example.myso
ftpos.app-mergeDebugR
esources-36:/layout/a
ctivity_test_suite_li
st.xml:41: error: 
resource 
drawable/ic_add (aka 
com.example.mysoftpos
:drawable/ic_add) 
not found.
     com.example.myso
ftpos.app-mergeDebugR
esources-36:/layout/a
ctivity_transaction_t
ype_editor.xml:30: 
error: attribute layo
ut_centerYToBottomOf 
(aka com.example.myso
ftpos:layout_centerYT
oBottomOf) not found.
     com.example.myso
ftpos.app-mergeDebugR
esources-36:/layout/a
ctivity_transaction_t
ype_editor.xml:39: 
error: resource 
drawable/ic_check 
(aka com.example.myso
ftpos:drawable/ic_che
ck) not found.
     com.example.myso
ftpos.app-mergeDebugR
esources-36:/layout/a
ctivity_transaction_t
ype_editor.xml:39: 
error: attribute layo
ut_centerYToBottomOf 
(aka com.example.myso
ftpos:layout_centerYT
oBottomOf) not found.
     com.example.myso
ftpos.app-mergeDebugR
esources-36:/layout/a
ctivity_transaction_t
ype_list.xml:30: 
error: attribute layo
ut_centerYToBottomOf 
(aka com.example.myso
ftpos:layout_centerYT
oBottomOf) not found.
     com.example.myso
ftpos.app-mergeDebugR
esources-36:/layout/a
ctivity_transaction_t
ype_list.xml:41: 
error: resource 
drawable/ic_add (aka 
com.example.mysoftpos
:drawable/ic_add) 
not found.
     com.example.myso
ftpos.app-mergeDebugR
esources-36:/layout/i
tem_field_config.xml:
50: error: resource 
drawable/ic_edit 
(aka com.example.myso
ftpos:drawable/ic_edi
t) not found.
     com.example.myso
ftpos.app-mergeDebugR
esources-36:/layout/i
tem_transaction_type.
xml:44: error: 
resource drawable/bg_
status_pending (aka c
om.example.mysoftpos:
drawable/bg_status_pe
nding) not found.
     error: failed 
linking file 
resources.


* Try:
> Run with 
--stacktrace option 
to get the stack 
trace.
> Run with --info or 
--debug option to 
get more log output.
> Run with --scan to 
get full insights.
> Get more help at ht
tps://help.gradle.org
.

BUILD FAILED in 2s
18 actionable tasks: 1 executed, 17 up-to-date
